<html>
<body>
<pre>
<h1>µVision Build Log</h1>
<h2>Tool Versions:</h2>
IDE-Version: µVision V5.16.0.0
Copyright (C) 2015 ARM Ltd and ARM Germany GmbH. All rights reserved.
License Information: one two, light mirror, LIC=P6FVE-586CU-222L4-FI5RA-Q56IR-VRTX3
 
Tool Versions:
Toolchain:       MDK-ARM Professional  Version: 5.16.0.0
Toolchain Path:  C:\Keil\ARM\ARMCC\Bin
C Compiler:      Armcc.exe V5.06 (build 20)
Assembler:       Armasm.exe V5.06 (build 20)
Linker/Locator:  ArmLink.exe V5.06 (build 20)
Library Manager: ArmAr.exe V5.06 (build 20)
Hex Converter:   FromElf.exe V5.06 (build 20)
CPU DLL:         SARMCM3.DLL V5.16.0.0
Dialog DLL:      DCM.DLL V1.13.2.0
Target DLL:      Segger\JL2CM3.dll V2.99.20.0
Dialog DLL:      TCM.DLL V1.14.5.0
 
<h2>Project:</h2>
C:\work\kazan_ethernet\Slave\master_spi.uvprojx
Project File Date:  08/23/2016

<h2>Output:</h2>
*** Using Compiler 'V5.06 (build 20)', folder: 'C:\Keil\ARM\ARMCC\Bin'
Rebuild target 'stm32f417'
compiling main.c...
compiling Config.c...
assembling startup_stm32f4xx.s...
compiling AdisRecv.cpp...
compiling misc.c...
compiling system_stm32f4xx.c...
compiling stm32f4xx_gpio.c...
compiling stm32f4xx_spi.c...
compiling stm32f4xx_rcc.c...
compiling stm32f4xx_tim.c...
compiling assert.c...
compiling board.c...
compiling error.c...
compiling gpio.c...
compiling pinmap_common.c...
compiling us_ticker_api.c...
compiling cmsis_nvic.c...
compiling us_ticker.c...
compiling spi_api.c...
compiling pinmap.c...
compiling gpio_api.c...
compiling wait_api.c...
compiling SPI.cpp...
compiling SPISlave.cpp...
linking...
Program Size: Code=4036 RO-data=832 RW-data=52 ZI-data=2452  
".\Objects\master_spi.axf" - 0 Error(s), 0 Warning(s).

<h2>Collection of Component include folders:</h2>
  C:\work\kazan_ethernet\Slave\RTE
  C:\Keil\ARM\PACK\Keil\STM32F4xx_DFP\1.0.5\Device\Include

<h2>Collection of Component Files used:</h2>
Build Time Elapsed:  00:00:04
</pre>
</body>
</html>
